DEBUG: Testing sender blacklist: pattern='^user@example\\.com$', sender='user@example.com', match=<re.Match object; span=(0, 16), match='user@example.com'>
DEBUG: Testing sender blacklist: pattern='^user@example\\.com$', sender='user@example.com', match=<re.Match object; span=(0, 16), match='user@example.com'>
DEBUG: Testing sender blacklist: pattern='^user@example\\.com$', sender='user@example.com', match=<re.Match object; span=(0, 16), match='user@example.com'>
DEBUG: Testing sender blacklist: pattern='^user@example\\.com$', sender='user@example.com', match=<re.Match object; span=(0, 16), match='user@example.com'>
DEBUG: Testing sender blacklist: pattern='^spam@malicious\\.com$', sender='spam@malicious.com', match=<re.Match object; span=(0, 18), match='spam@malicious.com'>
DEBUG: Testing sender blacklist: pattern='^spam@malicious\\.com$', sender='test123@example.org', match=None
DEBUG: Testing sender blacklist: pattern='^test.*@example\\.org$', sender='test123@example.org', match=<re.Match object; span=(0, 19), match='test123@example.org'>
DEBUG: Testing sender blacklist: pattern='^spam@malicious\\.com$', sender='good@example.com', match=None
DEBUG: Testing sender blacklist: pattern='^test.*@example\\.org$', sender='good@example.com', match=None
DEBUG: Testing sender blacklist: pattern='^spam@malicious\\.com$', sender='spam@malicious.com', match=<re.Match object; span=(0, 18), match='spam@malicious.com'>
DEBUG: Testing sender blacklist: pattern='^spam@malicious\\.com$', sender='test123@example.org', match=None
DEBUG: Testing sender blacklist: pattern='^test.*@example\\.org$', sender='test123@example.org', match=<re.Match object; span=(0, 19), match='test123@example.org'>
DEBUG: Testing sender blacklist: pattern='^spam@malicious\\.com$', sender='good@example.com', match=None
DEBUG: Testing sender blacklist: pattern='^test.*@example\\.org$', sender='good@example.com', match=None
DEBUG: Testing sender blacklist: pattern='^spam@malicious\\.com$', sender='spam@malicious.com', match=<re.Match object; span=(0, 18), match='spam@malicious.com'>
DEBUG: Testing sender blacklist: pattern='^spam@malicious\\.com$', sender='test123@example.org', match=None
DEBUG: Testing sender blacklist: pattern='^test.*@example\\.org$', sender='test123@example.org', match=<re.Match object; span=(0, 19), match='test123@example.org'>
DEBUG: Testing sender blacklist: pattern='^spam@malicious\\.com$', sender='good@example.com', match=None
DEBUG: Testing sender blacklist: pattern='^test.*@example\\.org$', sender='good@example.com', match=None
DEBUG: Testing sender blacklist: pattern='^spam@malicious\\.com$', sender='spam@malicious.com', match=<re.Match object; span=(0, 18), match='spam@malicious.com'>
DEBUG: Testing sender blacklist: pattern='^spam@malicious\\.com$', sender='test123@example.org', match=None
DEBUG: Testing sender blacklist: pattern='^test.*@example\\.org$', sender='test123@example.org', match=<re.Match object; span=(0, 19), match='test123@example.org'>
DEBUG: Testing sender blacklist: pattern='^spam@malicious\\.com$', sender='good@example.com', match=None
DEBUG: Testing sender blacklist: pattern='^test.*@example\\.org$', sender='good@example.com', match=None
DEBUG: Testing sender blacklist: pattern='^user@example\\.com$', sender='user@example.com', match=<re.Match object; span=(0, 16), match='user@example.com'>
DEBUG: Testing sender blacklist: pattern='^user@example\\.com$', sender='user@example.com', match=<re.Match object; span=(0, 16), match='user@example.com'>
DEBUG: Testing sender blacklist: pattern='^user@example\\.com$', sender='user@example.com', match=<re.Match object; span=(0, 16), match='user@example.com'>
DEBUG: Testing sender blacklist: pattern='^spam@malicious\\.com$', sender='spam@malicious.com', match=<re.Match object; span=(0, 18), match='spam@malicious.com'>
DEBUG: Testing sender blacklist: pattern='^spam@malicious\\.com$', sender='test123@example.org', match=None
DEBUG: Testing sender blacklist: pattern='^test.*@example\\.org$', sender='test123@example.org', match=<re.Match object; span=(0, 19), match='test123@example.org'>
DEBUG: Testing sender blacklist: pattern='^spam@malicious\\.com$', sender='good@example.com', match=None
DEBUG: Testing sender blacklist: pattern='^test.*@example\\.org$', sender='good@example.com', match=None
DEBUG: Testing sender blacklist: pattern='^spam@malicious\\.com$', sender='spam@malicious.com', match=<re.Match object; span=(0, 18), match='spam@malicious.com'>
DEBUG: Testing sender blacklist: pattern='^spam@malicious\\.com$', sender='test123@example.org', match=None
DEBUG: Testing sender blacklist: pattern='^test.*@example\\.org$', sender='test123@example.org', match=<re.Match object; span=(0, 19), match='test123@example.org'>
DEBUG: Testing sender blacklist: pattern='^spam@malicious\\.com$', sender='good@example.com', match=None
DEBUG: Testing sender blacklist: pattern='^test.*@example\\.org$', sender='good@example.com', match=None
DEBUG: Testing sender blacklist: pattern='^user@example\\.com$', sender='user@example.com', match=<re.Match object; span=(0, 16), match='user@example.com'>
DEBUG: Testing sender blacklist: pattern='^user@example\\.com$', sender='user@example.com', match=<re.Match object; span=(0, 16), match='user@example.com'>
DEBUG: Testing sender blacklist: pattern='^user@example\\.com$', sender='user@example.com', match=<re.Match object; span=(0, 16), match='user@example.com'>
DEBUG: Testing sender blacklist: pattern='^user@example\\.com$', sender='user@example.com', match=<re.Match object; span=(0, 16), match='user@example.com'>
DEBUG: Testing sender blacklist: pattern='^spam@malicious\\.com$', sender='spam@malicious.com', match=<re.Match object; span=(0, 18), match='spam@malicious.com'>
DEBUG: Testing sender blacklist: pattern='^spam@malicious\\.com$', sender='test123@example.org', match=None
DEBUG: Testing sender blacklist: pattern='^test.*@example\\.org$', sender='test123@example.org', match=<re.Match object; span=(0, 19), match='test123@example.org'>
DEBUG: Testing sender blacklist: pattern='^spam@malicious\\.com$', sender='good@example.com', match=None
DEBUG: Testing sender blacklist: pattern='^test.*@example\\.org$', sender='good@example.com', match=None
DEBUG: Testing sender blacklist: pattern='^spam@malicious\\.com$', sender='spam@malicious.com', match=<re.Match object; span=(0, 18), match='spam@malicious.com'>
DEBUG: Testing sender blacklist: pattern='^spam@malicious\\.com$', sender='test123@example.org', match=None
DEBUG: Testing sender blacklist: pattern='^test.*@example\\.org$', sender='test123@example.org', match=<re.Match object; span=(0, 19), match='test123@example.org'>
DEBUG: Testing sender blacklist: pattern='^spam@malicious\\.com$', sender='good@example.com', match=None
DEBUG: Testing sender blacklist: pattern='^test.*@example\\.org$', sender='good@example.com', match=None
DEBUG: Testing sender blacklist: pattern='^user@example\\.com$', sender='user@example.com', match=<re.Match object; span=(0, 16), match='user@example.com'>
DEBUG: Testing sender blacklist: pattern='^user@example\\.com$', sender='user@example.com', match=<re.Match object; span=(0, 16), match='user@example.com'>
DEBUG: Testing sender blacklist: pattern='^user@example\\.com$', sender='user@example.com', match=<re.Match object; span=(0, 16), match='user@example.com'>
DEBUG: Testing sender blacklist: pattern='^spam@malicious\\.com$', sender='spam@malicious.com', match=<re.Match object; span=(0, 18), match='spam@malicious.com'>
DEBUG: Testing sender blacklist: pattern='^spam@malicious\\.com$', sender='test123@example.org', match=None
DEBUG: Testing sender blacklist: pattern='^test.*@example\\.org$', sender='test123@example.org', match=<re.Match object; span=(0, 19), match='test123@example.org'>
DEBUG: Testing sender blacklist: pattern='^spam@malicious\\.com$', sender='good@example.com', match=None
DEBUG: Testing sender blacklist: pattern='^test.*@example\\.org$', sender='good@example.com', match=None
DEBUG: Testing sender blacklist: pattern='^spam@malicious\\.com$', sender='spam@malicious.com', match=<re.Match object; span=(0, 18), match='spam@malicious.com'>
DEBUG: Testing sender blacklist: pattern='^spam@malicious\\.com$', sender='test123@example.org', match=None
DEBUG: Testing sender blacklist: pattern='^test.*@example\\.org$', sender='test123@example.org', match=<re.Match object; span=(0, 19), match='test123@example.org'>
DEBUG: Testing sender blacklist: pattern='^spam@malicious\\.com$', sender='good@example.com', match=None
DEBUG: Testing sender blacklist: pattern='^test.*@example\\.org$', sender='good@example.com', match=None
DEBUG: Testing sender blacklist: pattern='^user@example\\.com$', sender='user@example.com', match=<re.Match object; span=(0, 16), match='user@example.com'>
DEBUG: Testing sender blacklist: pattern='^user@example\\.com$', sender='user@example.com', match=<re.Match object; span=(0, 16), match='user@example.com'>
DEBUG: Testing sender blacklist: pattern='^user@example\\.com$', sender='user@example.com', match=<re.Match object; span=(0, 16), match='user@example.com'>
DEBUG: Testing sender blacklist: pattern='^spam@malicious\\.com$', sender='communications@info.guilfordcountync.gov', match=None
DEBUG: Testing sender blacklist: pattern='^test.*@example\\.org$', sender='communications@info.guilfordcountync.gov', match=None
DEBUG: Testing sender blacklist: pattern='^spam@malicious\\.com$', sender='user@example.com', match=None
DEBUG: Testing sender blacklist: pattern='^test.*@example\\.org$', sender='user@example.com', match=None
DEBUG: Testing sender blacklist: pattern='^spam@malicious\\.com$', sender='spam@malicious.com', match=<re.Match object; span=(0, 18), match='spam@malicious.com'>
DEBUG: Testing sender blacklist: pattern='^spam@malicious\\.com$', sender='test123@example.org', match=None
DEBUG: Testing sender blacklist: pattern='^test.*@example\\.org$', sender='test123@example.org', match=<re.Match object; span=(0, 19), match='test123@example.org'>
DEBUG: Testing sender blacklist: pattern='^spam@malicious\\.com$', sender='good@example.com', match=None
DEBUG: Testing sender blacklist: pattern='^test.*@example\\.org$', sender='good@example.com', match=None
DEBUG: Testing sender blacklist: pattern='^spam@malicious\\.com$', sender='spam@malicious.com', match=<re.Match object; span=(0, 18), match='spam@malicious.com'>
DEBUG: Testing sender blacklist: pattern='^spam@malicious\\.com$', sender='test123@example.org', match=None
DEBUG: Testing sender blacklist: pattern='^test.*@example\\.org$', sender='test123@example.org', match=<re.Match object; span=(0, 19), match='test123@example.org'>
DEBUG: Testing sender blacklist: pattern='^spam@malicious\\.com$', sender='good@example.com', match=None
DEBUG: Testing sender blacklist: pattern='^test.*@example\\.org$', sender='good@example.com', match=None
DEBUG: Testing sender blacklist: pattern='^user@example\\.com$', sender='user@example.com', match=<re.Match object; span=(0, 16), match='user@example.com'>
DEBUG: Testing sender blacklist: pattern='^user@example\\.com$', sender='user@example.com', match=<re.Match object; span=(0, 16), match='user@example.com'>
DEBUG: Testing sender blacklist: pattern='^user@example\\.com$', sender='user@example.com', match=<re.Match object; span=(0, 16), match='user@example.com'>
DEBUG: Testing sender blacklist: pattern='^spam@malicious\\.com$', sender='spam@malicious.com', match=<re.Match object; span=(0, 18), match='spam@malicious.com'>
DEBUG: Testing sender blacklist: pattern='^spam@malicious\\.com$', sender='test123@example.org', match=None
DEBUG: Testing sender blacklist: pattern='^test.*@example\\.org$', sender='test123@example.org', match=<re.Match object; span=(0, 19), match='test123@example.org'>
DEBUG: Testing sender blacklist: pattern='^spam@malicious\\.com$', sender='good@example.com', match=None
DEBUG: Testing sender blacklist: pattern='^test.*@example\\.org$', sender='good@example.com', match=None
DEBUG: Testing sender blacklist: pattern='^spam@malicious\\.com$', sender='spam@malicious.com', match=<re.Match object; span=(0, 18), match='spam@malicious.com'>
DEBUG: Testing sender blacklist: pattern='^spam@malicious\\.com$', sender='test123@example.org', match=None
DEBUG: Testing sender blacklist: pattern='^test.*@example\\.org$', sender='test123@example.org', match=<re.Match object; span=(0, 19), match='test123@example.org'>
DEBUG: Testing sender blacklist: pattern='^spam@malicious\\.com$', sender='good@example.com', match=None
DEBUG: Testing sender blacklist: pattern='^test.*@example\\.org$', sender='good@example.com', match=None
DEBUG: Testing sender blacklist: pattern='^user@example\\.com$', sender='user@example.com', match=<re.Match object; span=(0, 16), match='user@example.com'>
DEBUG: Testing sender blacklist: pattern='^user@example\\.com$', sender='user@example.com', match=<re.Match object; span=(0, 16), match='user@example.com'>
DEBUG: Testing sender blacklist: pattern='^user@example\\.com$', sender='user@example.com', match=<re.Match object; span=(0, 16), match='user@example.com'>
DEBUG: Testing sender blacklist: pattern='^spam@malicious\\.com$', sender='spam@malicious.com', match=<re.Match object; span=(0, 18), match='spam@malicious.com'>
DEBUG: Testing sender blacklist: pattern='^spam@malicious\\.com$', sender='test123@example.org', match=None
DEBUG: Testing sender blacklist: pattern='^test.*@example\\.org$', sender='test123@example.org', match=<re.Match object; span=(0, 19), match='test123@example.org'>
DEBUG: Testing sender blacklist: pattern='^spam@malicious\\.com$', sender='good@example.com', match=None
DEBUG: Testing sender blacklist: pattern='^test.*@example\\.org$', sender='good@example.com', match=None
DEBUG: Testing sender blacklist: pattern='^spam@malicious\\.com$', sender='spam@malicious.com', match=<re.Match object; span=(0, 18), match='spam@malicious.com'>
DEBUG: Testing sender blacklist: pattern='^spam@malicious\\.com$', sender='test123@example.org', match=None
DEBUG: Testing sender blacklist: pattern='^test.*@example\\.org$', sender='test123@example.org', match=<re.Match object; span=(0, 19), match='test123@example.org'>
DEBUG: Testing sender blacklist: pattern='^spam@malicious\\.com$', sender='good@example.com', match=None
DEBUG: Testing sender blacklist: pattern='^test.*@example\\.org$', sender='good@example.com', match=None
DEBUG: Testing sender blacklist: pattern='^user@example\\.com$', sender='user@example.com', match=<re.Match object; span=(0, 16), match='user@example.com'>
DEBUG: Testing sender blacklist: pattern='^user@example\\.com$', sender='user@example.com', match=<re.Match object; span=(0, 16), match='user@example.com'>
DEBUG: Testing sender blacklist: pattern='^user@example\\.com$', sender='user@example.com', match=<re.Match object; span=(0, 16), match='user@example.com'>
DEBUG: Testing sender blacklist: pattern='^spam@malicious\\.com$', sender='spam@malicious.com', match=<re.Match object; span=(0, 18), match='spam@malicious.com'>
DEBUG: Testing sender blacklist: pattern='^spam@malicious\\.com$', sender='test123@example.org', match=None
DEBUG: Testing sender blacklist: pattern='^test.*@example\\.org$', sender='test123@example.org', match=<re.Match object; span=(0, 19), match='test123@example.org'>
DEBUG: Testing sender blacklist: pattern='^spam@malicious\\.com$', sender='good@example.com', match=None
DEBUG: Testing sender blacklist: pattern='^test.*@example\\.org$', sender='good@example.com', match=None
DEBUG: Testing sender blacklist: pattern='^spam@malicious\\.com$', sender='spam@malicious.com', match=<re.Match object; span=(0, 18), match='spam@malicious.com'>
DEBUG: Testing sender blacklist: pattern='^spam@malicious\\.com$', sender='test123@example.org', match=None
DEBUG: Testing sender blacklist: pattern='^test.*@example\\.org$', sender='test123@example.org', match=<re.Match object; span=(0, 19), match='test123@example.org'>
DEBUG: Testing sender blacklist: pattern='^spam@malicious\\.com$', sender='good@example.com', match=None
DEBUG: Testing sender blacklist: pattern='^test.*@example\\.org$', sender='good@example.com', match=None
DEBUG: Testing sender blacklist: pattern='^user@example\\.com$', sender='user@example.com', match=<re.Match object; span=(0, 16), match='user@example.com'>
DEBUG: Testing sender blacklist: pattern='^user@example\\.com$', sender='user@example.com', match=<re.Match object; span=(0, 16), match='user@example.com'>
DEBUG: Testing sender blacklist: pattern='^user@example\\.com$', sender='user@example.com', match=<re.Match object; span=(0, 16), match='user@example.com'>
DEBUG: Testing sender blacklist: pattern='^spam@malicious\\.com$', sender='spam@malicious.com', match=<re.Match object; span=(0, 18), match='spam@malicious.com'>
DEBUG: Testing sender blacklist: pattern='^spam@malicious\\.com$', sender='test123@example.org', match=None
DEBUG: Testing sender blacklist: pattern='^test.*@example\\.org$', sender='test123@example.org', match=<re.Match object; span=(0, 19), match='test123@example.org'>
DEBUG: Testing sender blacklist: pattern='^spam@malicious\\.com$', sender='good@example.com', match=None
DEBUG: Testing sender blacklist: pattern='^test.*@example\\.org$', sender='good@example.com', match=None
DEBUG: Testing sender blacklist: pattern='^spam@malicious\\.com$', sender='spam@malicious.com', match=<re.Match object; span=(0, 18), match='spam@malicious.com'>
DEBUG: Testing sender blacklist: pattern='^spam@malicious\\.com$', sender='test123@example.org', match=None
DEBUG: Testing sender blacklist: pattern='^test.*@example\\.org$', sender='test123@example.org', match=<re.Match object; span=(0, 19), match='test123@example.org'>
DEBUG: Testing sender blacklist: pattern='^spam@malicious\\.com$', sender='good@example.com', match=None
DEBUG: Testing sender blacklist: pattern='^test.*@example\\.org$', sender='good@example.com', match=None
DEBUG: Testing sender blacklist: pattern='^user@example\\.com$', sender='user@example.com', match=<re.Match object; span=(0, 16), match='user@example.com'>
DEBUG: Testing sender blacklist: pattern='^user@example\\.com$', sender='user@example.com', match=<re.Match object; span=(0, 16), match='user@example.com'>
DEBUG: Testing sender blacklist: pattern='^user@example\\.com$', sender='user@example.com', match=<re.Match object; span=(0, 16), match='user@example.com'>
DEBUG: Testing sender blacklist: pattern='^spam@malicious\\.com$', sender='spam@malicious.com', match=<re.Match object; span=(0, 18), match='spam@malicious.com'>
DEBUG: Testing sender blacklist: pattern='^spam@malicious\\.com$', sender='test123@example.org', match=None
DEBUG: Testing sender blacklist: pattern='^test.*@example\\.org$', sender='test123@example.org', match=<re.Match object; span=(0, 19), match='test123@example.org'>
DEBUG: Testing sender blacklist: pattern='^spam@malicious\\.com$', sender='good@example.com', match=None
DEBUG: Testing sender blacklist: pattern='^test.*@example\\.org$', sender='good@example.com', match=None
DEBUG: Testing sender blacklist: pattern='^spam@malicious\\.com$', sender='spam@malicious.com', match=<re.Match object; span=(0, 18), match='spam@malicious.com'>
DEBUG: Testing sender blacklist: pattern='^spam@malicious\\.com$', sender='test123@example.org', match=None
DEBUG: Testing sender blacklist: pattern='^test.*@example\\.org$', sender='test123@example.org', match=<re.Match object; span=(0, 19), match='test123@example.org'>
DEBUG: Testing sender blacklist: pattern='^spam@malicious\\.com$', sender='good@example.com', match=None
DEBUG: Testing sender blacklist: pattern='^test.*@example\\.org$', sender='good@example.com', match=None
DEBUG: Testing sender blacklist: pattern='^user@example\\.com$', sender='user@example.com', match=<re.Match object; span=(0, 16), match='user@example.com'>
DEBUG: Testing sender blacklist: pattern='^user@example\\.com$', sender='user@example.com', match=<re.Match object; span=(0, 16), match='user@example.com'>
DEBUG: Testing sender blacklist: pattern='^user@example\\.com$', sender='user@example.com', match=<re.Match object; span=(0, 16), match='user@example.com'>
DEBUG: Testing sender blacklist: pattern='^spam@malicious\\.com$', sender='spam@malicious.com', match=<re.Match object; span=(0, 18), match='spam@malicious.com'>
DEBUG: Testing sender blacklist: pattern='^spam@malicious\\.com$', sender='test123@example.org', match=None
DEBUG: Testing sender blacklist: pattern='^test.*@example\\.org$', sender='test123@example.org', match=<re.Match object; span=(0, 19), match='test123@example.org'>
DEBUG: Testing sender blacklist: pattern='^spam@malicious\\.com$', sender='good@example.com', match=None
DEBUG: Testing sender blacklist: pattern='^test.*@example\\.org$', sender='good@example.com', match=None
DEBUG: Testing sender blacklist: pattern='^spam@malicious\\.com$', sender='spam@malicious.com', match=<re.Match object; span=(0, 18), match='spam@malicious.com'>
DEBUG: Testing sender blacklist: pattern='^spam@malicious\\.com$', sender='test123@example.org', match=None
DEBUG: Testing sender blacklist: pattern='^test.*@example\\.org$', sender='test123@example.org', match=<re.Match object; span=(0, 19), match='test123@example.org'>
DEBUG: Testing sender blacklist: pattern='^spam@malicious\\.com$', sender='good@example.com', match=None
DEBUG: Testing sender blacklist: pattern='^test.*@example\\.org$', sender='good@example.com', match=None
DEBUG: Testing sender blacklist: pattern='^user@example\\.com$', sender='user@example.com', match=<re.Match object; span=(0, 16), match='user@example.com'>
DEBUG: Testing sender blacklist: pattern='^user@example\\.com$', sender='user@example.com', match=<re.Match object; span=(0, 16), match='user@example.com'>
DEBUG: Testing sender blacklist: pattern='^user@example\\.com$', sender='user@example.com', match=<re.Match object; span=(0, 16), match='user@example.com'>
DEBUG: Testing sender blacklist: pattern='^spam@malicious\\.com$', sender='spam@malicious.com', match=<re.Match object; span=(0, 18), match='spam@malicious.com'>
DEBUG: Testing sender blacklist: pattern='^spam@malicious\\.com$', sender='test123@example.org', match=None
DEBUG: Testing sender blacklist: pattern='^test.*@example\\.org$', sender='test123@example.org', match=<re.Match object; span=(0, 19), match='test123@example.org'>
DEBUG: Testing sender blacklist: pattern='^spam@malicious\\.com$', sender='good@example.com', match=None
DEBUG: Testing sender blacklist: pattern='^test.*@example\\.org$', sender='good@example.com', match=None
DEBUG: Testing sender blacklist: pattern='^spam@malicious\\.com$', sender='spam@malicious.com', match=<re.Match object; span=(0, 18), match='spam@malicious.com'>
DEBUG: Testing sender blacklist: pattern='^spam@malicious\\.com$', sender='test123@example.org', match=None
DEBUG: Testing sender blacklist: pattern='^test.*@example\\.org$', sender='test123@example.org', match=<re.Match object; span=(0, 19), match='test123@example.org'>
DEBUG: Testing sender blacklist: pattern='^spam@malicious\\.com$', sender='good@example.com', match=None
DEBUG: Testing sender blacklist: pattern='^test.*@example\\.org$', sender='good@example.com', match=None
DEBUG: Testing sender blacklist: pattern='^user@example\\.com$', sender='user@example.com', match=<re.Match object; span=(0, 16), match='user@example.com'>
DEBUG: Testing sender blacklist: pattern='^user@example\\.com$', sender='user@example.com', match=<re.Match object; span=(0, 16), match='user@example.com'>
DEBUG: Testing sender blacklist: pattern='^user@example\\.com$', sender='user@example.com', match=<re.Match object; span=(0, 16), match='user@example.com'>
DEBUG: Testing sender blacklist: pattern='^spam@malicious\\.com$', sender='spam@malicious.com', match=<re.Match object; span=(0, 18), match='spam@malicious.com'>
DEBUG: Testing sender blacklist: pattern='^spam@malicious\\.com$', sender='test123@example.org', match=None
DEBUG: Testing sender blacklist: pattern='^test.*@example\\.org$', sender='test123@example.org', match=<re.Match object; span=(0, 19), match='test123@example.org'>
DEBUG: Testing sender blacklist: pattern='^spam@malicious\\.com$', sender='good@example.com', match=None
DEBUG: Testing sender blacklist: pattern='^test.*@example\\.org$', sender='good@example.com', match=None
DEBUG: Testing sender blacklist: pattern='^spam@malicious\\.com$', sender='spam@malicious.com', match=<re.Match object; span=(0, 18), match='spam@malicious.com'>
DEBUG: Testing sender blacklist: pattern='^spam@malicious\\.com$', sender='test123@example.org', match=None
DEBUG: Testing sender blacklist: pattern='^test.*@example\\.org$', sender='test123@example.org', match=<re.Match object; span=(0, 19), match='test123@example.org'>
DEBUG: Testing sender blacklist: pattern='^spam@malicious\\.com$', sender='good@example.com', match=None
DEBUG: Testing sender blacklist: pattern='^test.*@example\\.org$', sender='good@example.com', match=None
DEBUG: Testing sender blacklist: pattern='^user@example\\.com$', sender='user@example.com', match=<re.Match object; span=(0, 16), match='user@example.com'>
DEBUG: Testing sender blacklist: pattern='^user@example\\.com$', sender='user@example.com', match=<re.Match object; span=(0, 16), match='user@example.com'>
DEBUG: Testing sender blacklist: pattern='^user@example\\.com$', sender='user@example.com', match=<re.Match object; span=(0, 16), match='user@example.com'>
DEBUG: Testing sender blacklist: pattern='^spam@malicious\\.com$', sender='spam@malicious.com', match=<re.Match object; span=(0, 18), match='spam@malicious.com'>
DEBUG: Testing sender blacklist: pattern='^spam@malicious\\.com$', sender='test123@example.org', match=None
DEBUG: Testing sender blacklist: pattern='^test.*@example\\.org$', sender='test123@example.org', match=<re.Match object; span=(0, 19), match='test123@example.org'>
DEBUG: Testing sender blacklist: pattern='^spam@malicious\\.com$', sender='good@example.com', match=None
DEBUG: Testing sender blacklist: pattern='^test.*@example\\.org$', sender='good@example.com', match=None
DEBUG: Testing sender blacklist: pattern='^spam@malicious\\.com$', sender='spam@malicious.com', match=<re.Match object; span=(0, 18), match='spam@malicious.com'>
DEBUG: Testing sender blacklist: pattern='^spam@malicious\\.com$', sender='test123@example.org', match=None
DEBUG: Testing sender blacklist: pattern='^test.*@example\\.org$', sender='test123@example.org', match=<re.Match object; span=(0, 19), match='test123@example.org'>
DEBUG: Testing sender blacklist: pattern='^spam@malicious\\.com$', sender='good@example.com', match=None
DEBUG: Testing sender blacklist: pattern='^test.*@example\\.org$', sender='good@example.com', match=None
DEBUG: Testing sender blacklist: pattern='^user@example\\.com$', sender='user@example.com', match=<re.Match object; span=(0, 16), match='user@example.com'>
DEBUG: Testing sender blacklist: pattern='^user@example\\.com$', sender='user@example.com', match=<re.Match object; span=(0, 16), match='user@example.com'>
DEBUG: Testing sender blacklist: pattern='^user@example\\.com$', sender='user@example.com', match=<re.Match object; span=(0, 16), match='user@example.com'>
DEBUG: Testing sender blacklist: pattern='^spam@malicious\\.com$', sender='spam@malicious.com', match=<re.Match object; span=(0, 18), match='spam@malicious.com'>
DEBUG: Testing sender blacklist: pattern='^spam@malicious\\.com$', sender='test123@example.org', match=None
DEBUG: Testing sender blacklist: pattern='^test.*@example\\.org$', sender='test123@example.org', match=<re.Match object; span=(0, 19), match='test123@example.org'>
DEBUG: Testing sender blacklist: pattern='^spam@malicious\\.com$', sender='good@example.com', match=None
DEBUG: Testing sender blacklist: pattern='^test.*@example\\.org$', sender='good@example.com', match=None
DEBUG: Testing sender blacklist: pattern='^spam@malicious\\.com$', sender='spam@malicious.com', match=<re.Match object; span=(0, 18), match='spam@malicious.com'>
DEBUG: Testing sender blacklist: pattern='^spam@malicious\\.com$', sender='test123@example.org', match=None
DEBUG: Testing sender blacklist: pattern='^test.*@example\\.org$', sender='test123@example.org', match=<re.Match object; span=(0, 19), match='test123@example.org'>
DEBUG: Testing sender blacklist: pattern='^spam@malicious\\.com$', sender='good@example.com', match=None
DEBUG: Testing sender blacklist: pattern='^test.*@example\\.org$', sender='good@example.com', match=None
DEBUG: Testing sender blacklist: pattern='^user@example\\.com$', sender='user@example.com', match=<re.Match object; span=(0, 16), match='user@example.com'>
DEBUG: Testing sender blacklist: pattern='^user@example\\.com$', sender='user@example.com', match=<re.Match object; span=(0, 16), match='user@example.com'>
DEBUG: Testing sender blacklist: pattern='^user@example\\.com$', sender='user@example.com', match=<re.Match object; span=(0, 16), match='user@example.com'>
DEBUG: Testing sender blacklist: pattern='^spam@malicious\\.com$', sender='spam@malicious.com', match=<re.Match object; span=(0, 18), match='spam@malicious.com'>
DEBUG: Testing sender blacklist: pattern='^spam@malicious\\.com$', sender='test123@example.org', match=None
DEBUG: Testing sender blacklist: pattern='^test.*@example\\.org$', sender='test123@example.org', match=<re.Match object; span=(0, 19), match='test123@example.org'>
DEBUG: Testing sender blacklist: pattern='^spam@malicious\\.com$', sender='good@example.com', match=None
DEBUG: Testing sender blacklist: pattern='^test.*@example\\.org$', sender='good@example.com', match=None
DEBUG: Testing sender blacklist: pattern='^spam@malicious\\.com$', sender='spam@malicious.com', match=<re.Match object; span=(0, 18), match='spam@malicious.com'>
DEBUG: Testing sender blacklist: pattern='^spam@malicious\\.com$', sender='test123@example.org', match=None
DEBUG: Testing sender blacklist: pattern='^test.*@example\\.org$', sender='test123@example.org', match=<re.Match object; span=(0, 19), match='test123@example.org'>
DEBUG: Testing sender blacklist: pattern='^spam@malicious\\.com$', sender='good@example.com', match=None
DEBUG: Testing sender blacklist: pattern='^test.*@example\\.org$', sender='good@example.com', match=None
DEBUG: Testing sender blacklist: pattern='^user@example\\.com$', sender='user@example.com', match=<re.Match object; span=(0, 16), match='user@example.com'>
DEBUG: Testing sender blacklist: pattern='^user@example\\.com$', sender='user@example.com', match=<re.Match object; span=(0, 16), match='user@example.com'>
DEBUG: Testing sender blacklist: pattern='^user@example\\.com$', sender='user@example.com', match=<re.Match object; span=(0, 16), match='user@example.com'>
DEBUG: Testing sender blacklist: pattern='^spam@malicious\\.com$', sender='spam@malicious.com', match=<re.Match object; span=(0, 18), match='spam@malicious.com'>
DEBUG: Testing sender blacklist: pattern='^spam@malicious\\.com$', sender='test123@example.org', match=None
DEBUG: Testing sender blacklist: pattern='^test.*@example\\.org$', sender='test123@example.org', match=<re.Match object; span=(0, 19), match='test123@example.org'>
DEBUG: Testing sender blacklist: pattern='^spam@malicious\\.com$', sender='good@example.com', match=None
DEBUG: Testing sender blacklist: pattern='^test.*@example\\.org$', sender='good@example.com', match=None
DEBUG: Testing sender blacklist: pattern='^spam@malicious\\.com$', sender='spam@malicious.com', match=<re.Match object; span=(0, 18), match='spam@malicious.com'>
DEBUG: Testing sender blacklist: pattern='^spam@malicious\\.com$', sender='test123@example.org', match=None
DEBUG: Testing sender blacklist: pattern='^test.*@example\\.org$', sender='test123@example.org', match=<re.Match object; span=(0, 19), match='test123@example.org'>
DEBUG: Testing sender blacklist: pattern='^spam@malicious\\.com$', sender='good@example.com', match=None
DEBUG: Testing sender blacklist: pattern='^test.*@example\\.org$', sender='good@example.com', match=None
DEBUG: Testing sender blacklist: pattern='^user@example\\.com$', sender='user@example.com', match=<re.Match object; span=(0, 16), match='user@example.com'>
DEBUG: Testing sender blacklist: pattern='^spam@malicious\\.com$', sender='spam@malicious.com', match=<re.Match object; span=(0, 18), match='spam@malicious.com'>
DEBUG: Testing sender blacklist: pattern='^spam@malicious\\.com$', sender='test123@example.org', match=None
DEBUG: Testing sender blacklist: pattern='^test.*@example\\.org$', sender='test123@example.org', match=<re.Match object; span=(0, 19), match='test123@example.org'>
DEBUG: Testing sender blacklist: pattern='^spam@malicious\\.com$', sender='good@example.com', match=None
DEBUG: Testing sender blacklist: pattern='^test.*@example\\.org$', sender='good@example.com', match=None
DEBUG: Testing sender blacklist: pattern='^spam@malicious\\.com$', sender='spam@malicious.com', match=<re.Match object; span=(0, 18), match='spam@malicious.com'>
DEBUG: Testing sender blacklist: pattern='^spam@malicious\\.com$', sender='test123@example.org', match=None
DEBUG: Testing sender blacklist: pattern='^test.*@example\\.org$', sender='test123@example.org', match=<re.Match object; span=(0, 19), match='test123@example.org'>
DEBUG: Testing sender blacklist: pattern='^spam@malicious\\.com$', sender='good@example.com', match=None
DEBUG: Testing sender blacklist: pattern='^test.*@example\\.org$', sender='good@example.com', match=None
DEBUG: Testing sender blacklist: pattern='^user@example\\.com$', sender='user@example.com', match=<re.Match object; span=(0, 16), match='user@example.com'>
DEBUG: Testing sender blacklist: pattern='^spam@malicious\\.com$', sender='spam@malicious.com', match=<re.Match object; span=(0, 18), match='spam@malicious.com'>
DEBUG: Testing sender blacklist: pattern='^spam@malicious\\.com$', sender='test123@example.org', match=None
DEBUG: Testing sender blacklist: pattern='^test.*@example\\.org$', sender='test123@example.org', match=<re.Match object; span=(0, 19), match='test123@example.org'>
DEBUG: Testing sender blacklist: pattern='^spam@malicious\\.com$', sender='good@example.com', match=None
DEBUG: Testing sender blacklist: pattern='^test.*@example\\.org$', sender='good@example.com', match=None
DEBUG: Testing sender blacklist: pattern='^spam@malicious\\.com$', sender='spam@malicious.com', match=<re.Match object; span=(0, 18), match='spam@malicious.com'>
DEBUG: Testing sender blacklist: pattern='^spam@malicious\\.com$', sender='test123@example.org', match=None
DEBUG: Testing sender blacklist: pattern='^test.*@example\\.org$', sender='test123@example.org', match=<re.Match object; span=(0, 19), match='test123@example.org'>
DEBUG: Testing sender blacklist: pattern='^spam@malicious\\.com$', sender='good@example.com', match=None
DEBUG: Testing sender blacklist: pattern='^test.*@example\\.org$', sender='good@example.com', match=None
DEBUG: Testing sender blacklist: pattern='^user@example\\.com$', sender='user@example.com', match=<re.Match object; span=(0, 16), match='user@example.com'>
DEBUG: Testing sender blacklist: pattern='^spam@malicious\\.com$', sender='spam@malicious.com', match=<re.Match object; span=(0, 18), match='spam@malicious.com'>
DEBUG: Testing sender blacklist: pattern='^spam@malicious\\.com$', sender='test123@example.org', match=None
DEBUG: Testing sender blacklist: pattern='^test.*@example\\.org$', sender='test123@example.org', match=<re.Match object; span=(0, 19), match='test123@example.org'>
DEBUG: Testing sender blacklist: pattern='^spam@malicious\\.com$', sender='good@example.com', match=None
DEBUG: Testing sender blacklist: pattern='^test.*@example\\.org$', sender='good@example.com', match=None
DEBUG: Testing sender blacklist: pattern='^spam@malicious\\.com$', sender='spam@malicious.com', match=<re.Match object; span=(0, 18), match='spam@malicious.com'>
DEBUG: Testing sender blacklist: pattern='^spam@malicious\\.com$', sender='test123@example.org', match=None
DEBUG: Testing sender blacklist: pattern='^test.*@example\\.org$', sender='test123@example.org', match=<re.Match object; span=(0, 19), match='test123@example.org'>
DEBUG: Testing sender blacklist: pattern='^spam@malicious\\.com$', sender='good@example.com', match=None
DEBUG: Testing sender blacklist: pattern='^test.*@example\\.org$', sender='good@example.com', match=None
DEBUG: Testing sender blacklist: pattern='^user@example\\.com$', sender='user@example.com', match=<re.Match object; span=(0, 16), match='user@example.com'>
DEBUG: Testing sender blacklist: pattern='^spam@malicious\\.com$', sender='spam@malicious.com', match=<re.Match object; span=(0, 18), match='spam@malicious.com'>
DEBUG: Testing sender blacklist: pattern='^spam@malicious\\.com$', sender='test123@example.org', match=None
DEBUG: Testing sender blacklist: pattern='^test.*@example\\.org$', sender='test123@example.org', match=<re.Match object; span=(0, 19), match='test123@example.org'>
DEBUG: Testing sender blacklist: pattern='^spam@malicious\\.com$', sender='good@example.com', match=None
DEBUG: Testing sender blacklist: pattern='^test.*@example\\.org$', sender='good@example.com', match=None
DEBUG: Testing sender blacklist: pattern='^spam@malicious\\.com$', sender='spam@malicious.com', match=<re.Match object; span=(0, 18), match='spam@malicious.com'>
DEBUG: Testing sender blacklist: pattern='^spam@malicious\\.com$', sender='test123@example.org', match=None
DEBUG: Testing sender blacklist: pattern='^test.*@example\\.org$', sender='test123@example.org', match=<re.Match object; span=(0, 19), match='test123@example.org'>
DEBUG: Testing sender blacklist: pattern='^spam@malicious\\.com$', sender='good@example.com', match=None
DEBUG: Testing sender blacklist: pattern='^test.*@example\\.org$', sender='good@example.com', match=None
DEBUG: Testing sender blacklist: pattern='^user@example\\.com$', sender='user@example.com', match=<re.Match object; span=(0, 16), match='user@example.com'>
DEBUG: Testing sender blacklist: pattern='^spam@malicious\\.com$', sender='spam@malicious.com', match=<re.Match object; span=(0, 18), match='spam@malicious.com'>
DEBUG: Testing sender blacklist: pattern='^spam@malicious\\.com$', sender='test123@example.org', match=None
DEBUG: Testing sender blacklist: pattern='^test.*@example\\.org$', sender='test123@example.org', match=<re.Match object; span=(0, 19), match='test123@example.org'>
DEBUG: Testing sender blacklist: pattern='^spam@malicious\\.com$', sender='good@example.com', match=None
DEBUG: Testing sender blacklist: pattern='^test.*@example\\.org$', sender='good@example.com', match=None
DEBUG: Testing sender blacklist: pattern='^spam@malicious\\.com$', sender='spam@malicious.com', match=<re.Match object; span=(0, 18), match='spam@malicious.com'>
DEBUG: Testing sender blacklist: pattern='^spam@malicious\\.com$', sender='test123@example.org', match=None
DEBUG: Testing sender blacklist: pattern='^test.*@example\\.org$', sender='test123@example.org', match=<re.Match object; span=(0, 19), match='test123@example.org'>
DEBUG: Testing sender blacklist: pattern='^spam@malicious\\.com$', sender='good@example.com', match=None
DEBUG: Testing sender blacklist: pattern='^test.*@example\\.org$', sender='good@example.com', match=None
DEBUG: Testing sender blacklist: pattern='^user@example\\.com$', sender='user@example.com', match=<re.Match object; span=(0, 16), match='user@example.com'>
DEBUG: Testing sender blacklist: pattern='^user@example\\.com$', sender='user@example.com', match=<re.Match object; span=(0, 16), match='user@example.com'>
DEBUG: Testing sender blacklist: pattern='^user@example\\.com$', sender='user@example.com', match=<re.Match object; span=(0, 16), match='user@example.com'>
DEBUG: Testing sender blacklist: pattern='^spam@malicious\\.com$', sender='spam@malicious.com', match=<re.Match object; span=(0, 18), match='spam@malicious.com'>
DEBUG: Testing sender blacklist: pattern='^spam@malicious\\.com$', sender='test123@example.org', match=None
DEBUG: Testing sender blacklist: pattern='^test.*@example\\.org$', sender='test123@example.org', match=<re.Match object; span=(0, 19), match='test123@example.org'>
DEBUG: Testing sender blacklist: pattern='^spam@malicious\\.com$', sender='good@example.com', match=None
DEBUG: Testing sender blacklist: pattern='^test.*@example\\.org$', sender='good@example.com', match=None
DEBUG: Testing sender blacklist: pattern='^spam@malicious\\.com$', sender='spam@malicious.com', match=<re.Match object; span=(0, 18), match='spam@malicious.com'>
DEBUG: Testing sender blacklist: pattern='^spam@malicious\\.com$', sender='test123@example.org', match=None
DEBUG: Testing sender blacklist: pattern='^test.*@example\\.org$', sender='test123@example.org', match=<re.Match object; span=(0, 19), match='test123@example.org'>
DEBUG: Testing sender blacklist: pattern='^spam@malicious\\.com$', sender='good@example.com', match=None
DEBUG: Testing sender blacklist: pattern='^test.*@example\\.org$', sender='good@example.com', match=None
DEBUG: Testing sender blacklist: pattern='^user@example\\.com$', sender='user@example.com', match=<re.Match object; span=(0, 16), match='user@example.com'>
DEBUG: Testing sender blacklist: pattern='^user@example\\.com$', sender='user@example.com', match=<re.Match object; span=(0, 16), match='user@example.com'>
DEBUG: Testing sender blacklist: pattern='^user@example\\.com$', sender='user@example.com', match=<re.Match object; span=(0, 16), match='user@example.com'>
DEBUG: Testing sender blacklist: pattern='^spam@malicious\\.com$', sender='spam@malicious.com', match=<re.Match object; span=(0, 18), match='spam@malicious.com'>
DEBUG: Testing sender blacklist: pattern='^spam@malicious\\.com$', sender='test123@example.org', match=None
DEBUG: Testing sender blacklist: pattern='^test.*@example\\.org$', sender='test123@example.org', match=<re.Match object; span=(0, 19), match='test123@example.org'>
DEBUG: Testing sender blacklist: pattern='^spam@malicious\\.com$', sender='good@example.com', match=None
DEBUG: Testing sender blacklist: pattern='^test.*@example\\.org$', sender='good@example.com', match=None
DEBUG: Testing sender blacklist: pattern='^spam@malicious\\.com$', sender='spam@malicious.com', match=<re.Match object; span=(0, 18), match='spam@malicious.com'>
DEBUG: Testing sender blacklist: pattern='^spam@malicious\\.com$', sender='test123@example.org', match=None
DEBUG: Testing sender blacklist: pattern='^test.*@example\\.org$', sender='test123@example.org', match=<re.Match object; span=(0, 19), match='test123@example.org'>
DEBUG: Testing sender blacklist: pattern='^spam@malicious\\.com$', sender='good@example.com', match=None
DEBUG: Testing sender blacklist: pattern='^test.*@example\\.org$', sender='good@example.com', match=None
DEBUG: Testing sender blacklist: pattern='^user@example\\.com$', sender='user@example.com', match=<re.Match object; span=(0, 16), match='user@example.com'>
DEBUG: Testing sender blacklist: pattern='^user@example\\.com$', sender='user@example.com', match=<re.Match object; span=(0, 16), match='user@example.com'>
DEBUG: Testing sender blacklist: pattern='^user@example\\.com$', sender='user@example.com', match=<re.Match object; span=(0, 16), match='user@example.com'>
DEBUG: Testing sender blacklist: pattern='^spam@malicious\\.com$', sender='spam@malicious.com', match=<re.Match object; span=(0, 18), match='spam@malicious.com'>
DEBUG: Testing sender blacklist: pattern='^spam@malicious\\.com$', sender='test123@example.org', match=None
DEBUG: Testing sender blacklist: pattern='^test.*@example\\.org$', sender='test123@example.org', match=<re.Match object; span=(0, 19), match='test123@example.org'>
DEBUG: Testing sender blacklist: pattern='^spam@malicious\\.com$', sender='good@example.com', match=None
DEBUG: Testing sender blacklist: pattern='^test.*@example\\.org$', sender='good@example.com', match=None
DEBUG: Testing sender blacklist: pattern='^spam@malicious\\.com$', sender='spam@malicious.com', match=<re.Match object; span=(0, 18), match='spam@malicious.com'>
DEBUG: Testing sender blacklist: pattern='^spam@malicious\\.com$', sender='test123@example.org', match=None
DEBUG: Testing sender blacklist: pattern='^test.*@example\\.org$', sender='test123@example.org', match=<re.Match object; span=(0, 19), match='test123@example.org'>
DEBUG: Testing sender blacklist: pattern='^spam@malicious\\.com$', sender='good@example.com', match=None
DEBUG: Testing sender blacklist: pattern='^test.*@example\\.org$', sender='good@example.com', match=None
DEBUG: Testing sender blacklist: pattern='^user@example\\.com$', sender='user@example.com', match=<re.Match object; span=(0, 16), match='user@example.com'>
DEBUG: Testing sender blacklist: pattern='^user@example\\.com$', sender='user@example.com', match=<re.Match object; span=(0, 16), match='user@example.com'>
DEBUG: Testing sender blacklist: pattern='^user@example\\.com$', sender='user@example.com', match=<re.Match object; span=(0, 16), match='user@example.com'>
DEBUG: Testing sender blacklist: pattern='^spam@malicious\\.com$', sender='communications@info.guilfordcountync.gov', match=None
DEBUG: Testing sender blacklist: pattern='^test.*@example\\.org$', sender='communications@info.guilfordcountync.gov', match=None
DEBUG: Testing sender blacklist: pattern='^spam@malicious\\.com$', sender='communications@info.guilfordcountync.gov', match=None
DEBUG: Testing sender blacklist: pattern='^test.*@example\\.org$', sender='communications@info.guilfordcountync.gov', match=None
DEBUG: Testing sender blacklist: pattern='^spam@malicious\\.com$', sender='communications@info.guilfordcountync.gov', match=None
DEBUG: Testing sender blacklist: pattern='^test.*@example\\.org$', sender='communications@info.guilfordcountync.gov', match=None
DEBUG: Testing sender blacklist: pattern='^user@example\\.com$', sender='user@example.com', match=<re.Match object; span=(0, 16), match='user@example.com'>
DEBUG: Testing sender blacklist: pattern='^user@example\\.com$', sender='user@example.com', match=<re.Match object; span=(0, 16), match='user@example.com'>
DEBUG: Testing sender blacklist: pattern='^user@example\\.com$', sender='user@example.com', match=<re.Match object; span=(0, 16), match='user@example.com'>
DEBUG: Testing sender blacklist: pattern='^user@example\\.com$', sender='user@example.com', match=<re.Match object; span=(0, 16), match='user@example.com'>
DEBUG: Testing sender blacklist: pattern='^user@example\\.com$', sender='user@example.com', match=<re.Match object; span=(0, 16), match='user@example.com'>
DEBUG: Testing sender blacklist: pattern='^user@example\\.com$', sender='user@example.com', match=<re.Match object; span=(0, 16), match='user@example.com'>
DEBUG: Testing sender blacklist: pattern='^spam@malicious\\.com$', sender='spam@malicious.com', match=<re.Match object; span=(0, 18), match='spam@malicious.com'>
DEBUG: Testing sender blacklist: pattern='^spam@malicious\\.com$', sender='test123@example.org', match=None
DEBUG: Testing sender blacklist: pattern='^test.*@example\\.org$', sender='test123@example.org', match=<re.Match object; span=(0, 19), match='test123@example.org'>
DEBUG: Testing sender blacklist: pattern='^spam@malicious\\.com$', sender='good@example.com', match=None
DEBUG: Testing sender blacklist: pattern='^test.*@example\\.org$', sender='good@example.com', match=None
DEBUG: Testing sender blacklist: pattern='^spam@malicious\\.com$', sender='spam@malicious.com', match=<re.Match object; span=(0, 18), match='spam@malicious.com'>
DEBUG: Testing sender blacklist: pattern='^spam@malicious\\.com$', sender='test123@example.org', match=None
DEBUG: Testing sender blacklist: pattern='^test.*@example\\.org$', sender='test123@example.org', match=<re.Match object; span=(0, 19), match='test123@example.org'>
DEBUG: Testing sender blacklist: pattern='^spam@malicious\\.com$', sender='good@example.com', match=None
DEBUG: Testing sender blacklist: pattern='^test.*@example\\.org$', sender='good@example.com', match=None
DEBUG: Testing sender blacklist: pattern='^user@example\\.com$', sender='user@example.com', match=<re.Match object; span=(0, 16), match='user@example.com'>
DEBUG: Testing sender blacklist: pattern='^user@example\\.com$', sender='user@example.com', match=<re.Match object; span=(0, 16), match='user@example.com'>
DEBUG: Testing sender blacklist: pattern='^user@example\\.com$', sender='user@example.com', match=<re.Match object; span=(0, 16), match='user@example.com'>
DEBUG: Testing sender blacklist: pattern='^spam@malicious\\.com$', sender='communications@info.guilfordcountync.gov', match=None
DEBUG: Testing sender blacklist: pattern='^test.*@example\\.org$', sender='communications@info.guilfordcountync.gov', match=None
DEBUG: Testing sender blacklist: pattern='^spam@malicious\\.com$', sender='communications@info.guilfordcountync.gov', match=None
DEBUG: Testing sender blacklist: pattern='^test.*@example\\.org$', sender='communications@info.guilfordcountync.gov', match=None
DEBUG: Testing sender blacklist: pattern='^spam@malicious\\.com$', sender='spam@malicious.com', match=<re.Match object; span=(0, 18), match='spam@malicious.com'>
DEBUG: Testing sender blacklist: pattern='^spam@malicious\\.com$', sender='test123@example.org', match=None
DEBUG: Testing sender blacklist: pattern='^test.*@example\\.org$', sender='test123@example.org', match=<re.Match object; span=(0, 19), match='test123@example.org'>
DEBUG: Testing sender blacklist: pattern='^spam@malicious\\.com$', sender='good@example.com', match=None
DEBUG: Testing sender blacklist: pattern='^test.*@example\\.org$', sender='good@example.com', match=None
DEBUG: Testing sender blacklist: pattern='^spam@malicious\\.com$', sender='spam@malicious.com', match=<re.Match object; span=(0, 18), match='spam@malicious.com'>
DEBUG: Testing sender blacklist: pattern='^spam@malicious\\.com$', sender='test123@example.org', match=None
DEBUG: Testing sender blacklist: pattern='^test.*@example\\.org$', sender='test123@example.org', match=<re.Match object; span=(0, 19), match='test123@example.org'>
DEBUG: Testing sender blacklist: pattern='^spam@malicious\\.com$', sender='good@example.com', match=None
DEBUG: Testing sender blacklist: pattern='^test.*@example\\.org$', sender='good@example.com', match=None
DEBUG: Testing sender blacklist: pattern='^user@example\\.com$', sender='user@example.com', match=<re.Match object; span=(0, 16), match='user@example.com'>
DEBUG: Testing sender blacklist: pattern='^user@example\\.com$', sender='user@example.com', match=<re.Match object; span=(0, 16), match='user@example.com'>
DEBUG: Testing sender blacklist: pattern='^user@example\\.com$', sender='user@example.com', match=<re.Match object; span=(0, 16), match='user@example.com'>
DEBUG: Testing sender blacklist: pattern='^spam@malicious\\.com$', sender='spam@malicious.com', match=<re.Match object; span=(0, 18), match='spam@malicious.com'>
DEBUG: Testing sender blacklist: pattern='^spam@malicious\\.com$', sender='test123@example.org', match=None
DEBUG: Testing sender blacklist: pattern='^test.*@example\\.org$', sender='test123@example.org', match=<re.Match object; span=(0, 19), match='test123@example.org'>
DEBUG: Testing sender blacklist: pattern='^spam@malicious\\.com$', sender='good@example.com', match=None
DEBUG: Testing sender blacklist: pattern='^test.*@example\\.org$', sender='good@example.com', match=None
DEBUG: Testing sender blacklist: pattern='^spam@malicious\\.com$', sender='spam@malicious.com', match=<re.Match object; span=(0, 18), match='spam@malicious.com'>
DEBUG: Testing sender blacklist: pattern='^spam@malicious\\.com$', sender='test123@example.org', match=None
DEBUG: Testing sender blacklist: pattern='^test.*@example\\.org$', sender='test123@example.org', match=<re.Match object; span=(0, 19), match='test123@example.org'>
DEBUG: Testing sender blacklist: pattern='^spam@malicious\\.com$', sender='good@example.com', match=None
DEBUG: Testing sender blacklist: pattern='^test.*@example\\.org$', sender='good@example.com', match=None
DEBUG: Testing sender blacklist: pattern='^user@example\\.com$', sender='user@example.com', match=<re.Match object; span=(0, 16), match='user@example.com'>
DEBUG: Testing sender blacklist: pattern='^user@example\\.com$', sender='user@example.com', match=<re.Match object; span=(0, 16), match='user@example.com'>
DEBUG: Testing sender blacklist: pattern='^user@example\\.com$', sender='user@example.com', match=<re.Match object; span=(0, 16), match='user@example.com'>
DEBUG: Testing sender blacklist: pattern='^spam@malicious\\.com$', sender='spam@malicious.com', match=<re.Match object; span=(0, 18), match='spam@malicious.com'>
DEBUG: Testing sender blacklist: pattern='^spam@malicious\\.com$', sender='test123@example.org', match=None
DEBUG: Testing sender blacklist: pattern='^test.*@example\\.org$', sender='test123@example.org', match=<re.Match object; span=(0, 19), match='test123@example.org'>
DEBUG: Testing sender blacklist: pattern='^spam@malicious\\.com$', sender='good@example.com', match=None
DEBUG: Testing sender blacklist: pattern='^test.*@example\\.org$', sender='good@example.com', match=None
DEBUG: Testing sender blacklist: pattern='^spam@malicious\\.com$', sender='spam@malicious.com', match=<re.Match object; span=(0, 18), match='spam@malicious.com'>
DEBUG: Testing sender blacklist: pattern='^spam@malicious\\.com$', sender='test123@example.org', match=None
DEBUG: Testing sender blacklist: pattern='^test.*@example\\.org$', sender='test123@example.org', match=<re.Match object; span=(0, 19), match='test123@example.org'>
DEBUG: Testing sender blacklist: pattern='^spam@malicious\\.com$', sender='good@example.com', match=None
DEBUG: Testing sender blacklist: pattern='^test.*@example\\.org$', sender='good@example.com', match=None
DEBUG: Testing sender blacklist: pattern='^user@example\\.com$', sender='user@example.com', match=<re.Match object; span=(0, 16), match='user@example.com'>
DEBUG: Testing sender blacklist: pattern='^user@example\\.com$', sender='user@example.com', match=<re.Match object; span=(0, 16), match='user@example.com'>
DEBUG: Testing sender blacklist: pattern='^user@example\\.com$', sender='user@example.com', match=<re.Match object; span=(0, 16), match='user@example.com'>
DEBUG: Testing sender blacklist: pattern='^user@example\\.com$', sender='user@example.com', match=<re.Match object; span=(0, 16), match='user@example.com'>
DEBUG: Testing sender blacklist: pattern='^user@example\\.com$', sender='user@example.com', match=<re.Match object; span=(0, 16), match='user@example.com'>
DEBUG: Testing sender blacklist: pattern='^user@example\\.com$', sender='user@example.com', match=<re.Match object; span=(0, 16), match='user@example.com'>
DEBUG: Testing sender blacklist: pattern='^user@example\\.com$', sender='user@example.com', match=<re.Match object; span=(0, 16), match='user@example.com'>
DEBUG: Testing sender blacklist: pattern='^spam@malicious\\.com$', sender='spam@malicious.com', match=<re.Match object; span=(0, 18), match='spam@malicious.com'>
DEBUG: Testing sender blacklist: pattern='^spam@malicious\\.com$', sender='test123@example.org', match=None
DEBUG: Testing sender blacklist: pattern='^test.*@example\\.org$', sender='test123@example.org', match=<re.Match object; span=(0, 19), match='test123@example.org'>
DEBUG: Testing sender blacklist: pattern='^spam@malicious\\.com$', sender='good@example.com', match=None
DEBUG: Testing sender blacklist: pattern='^test.*@example\\.org$', sender='good@example.com', match=None
DEBUG: Testing sender blacklist: pattern='^spam@malicious\\.com$', sender='spam@malicious.com', match=<re.Match object; span=(0, 18), match='spam@malicious.com'>
DEBUG: Testing sender blacklist: pattern='^spam@malicious\\.com$', sender='test123@example.org', match=None
DEBUG: Testing sender blacklist: pattern='^test.*@example\\.org$', sender='test123@example.org', match=<re.Match object; span=(0, 19), match='test123@example.org'>
DEBUG: Testing sender blacklist: pattern='^spam@malicious\\.com$', sender='good@example.com', match=None
DEBUG: Testing sender blacklist: pattern='^test.*@example\\.org$', sender='good@example.com', match=None
DEBUG: Testing sender blacklist: pattern='^user@example\\.com$', sender='user@example.com', match=<re.Match object; span=(0, 16), match='user@example.com'>
DEBUG: Testing sender blacklist: pattern='^spam@malicious\\.com$', sender='spam@malicious.com', match=<re.Match object; span=(0, 18), match='spam@malicious.com'>
DEBUG: Testing sender blacklist: pattern='^spam@malicious\\.com$', sender='test123@example.org', match=None
DEBUG: Testing sender blacklist: pattern='^test.*@example\\.org$', sender='test123@example.org', match=<re.Match object; span=(0, 19), match='test123@example.org'>
DEBUG: Testing sender blacklist: pattern='^spam@malicious\\.com$', sender='good@example.com', match=None
DEBUG: Testing sender blacklist: pattern='^test.*@example\\.org$', sender='good@example.com', match=None
DEBUG: Testing sender blacklist: pattern='^spam@malicious\\.com$', sender='spam@malicious.com', match=<re.Match object; span=(0, 18), match='spam@malicious.com'>
DEBUG: Testing sender blacklist: pattern='^spam@malicious\\.com$', sender='test123@example.org', match=None
DEBUG: Testing sender blacklist: pattern='^test.*@example\\.org$', sender='test123@example.org', match=<re.Match object; span=(0, 19), match='test123@example.org'>
DEBUG: Testing sender blacklist: pattern='^spam@malicious\\.com$', sender='good@example.com', match=None
DEBUG: Testing sender blacklist: pattern='^test.*@example\\.org$', sender='good@example.com', match=None
DEBUG: Testing sender blacklist: pattern='^user@example\\.com$', sender='user@example.com', match=<re.Match object; span=(0, 16), match='user@example.com'>
DEBUG: Testing sender blacklist: pattern='^user@example\\.com$', sender='user@example.com', match=<re.Match object; span=(0, 16), match='user@example.com'>
DEBUG: Testing sender blacklist: pattern='^user@example\\.com$', sender='user@example.com', match=<re.Match object; span=(0, 16), match='user@example.com'>
DEBUG: Testing sender blacklist: pattern='^spam@malicious\\.com$', sender='spam@malicious.com', match=<re.Match object; span=(0, 18), match='spam@malicious.com'>
DEBUG: Testing sender blacklist: pattern='^spam@malicious\\.com$', sender='test123@example.org', match=None
DEBUG: Testing sender blacklist: pattern='^test.*@example\\.org$', sender='test123@example.org', match=<re.Match object; span=(0, 19), match='test123@example.org'>
DEBUG: Testing sender blacklist: pattern='^spam@malicious\\.com$', sender='good@example.com', match=None
DEBUG: Testing sender blacklist: pattern='^test.*@example\\.org$', sender='good@example.com', match=None
DEBUG: Testing sender blacklist: pattern='^spam@malicious\\.com$', sender='spam@malicious.com', match=<re.Match object; span=(0, 18), match='spam@malicious.com'>
DEBUG: Testing sender blacklist: pattern='^spam@malicious\\.com$', sender='test123@example.org', match=None
DEBUG: Testing sender blacklist: pattern='^test.*@example\\.org$', sender='test123@example.org', match=<re.Match object; span=(0, 19), match='test123@example.org'>
DEBUG: Testing sender blacklist: pattern='^spam@malicious\\.com$', sender='good@example.com', match=None
DEBUG: Testing sender blacklist: pattern='^test.*@example\\.org$', sender='good@example.com', match=None
DEBUG: Testing sender blacklist: pattern='^user@example\\.com$', sender='user@example.com', match=<re.Match object; span=(0, 16), match='user@example.com'>
DEBUG: Testing sender blacklist: pattern='^spam@malicious\\.com$', sender='spam@malicious.com', match=<re.Match object; span=(0, 18), match='spam@malicious.com'>
DEBUG: Testing sender blacklist: pattern='^spam@malicious\\.com$', sender='test123@example.org', match=None
DEBUG: Testing sender blacklist: pattern='^test.*@example\\.org$', sender='test123@example.org', match=<re.Match object; span=(0, 19), match='test123@example.org'>
DEBUG: Testing sender blacklist: pattern='^spam@malicious\\.com$', sender='good@example.com', match=None
DEBUG: Testing sender blacklist: pattern='^test.*@example\\.org$', sender='good@example.com', match=None
DEBUG: Testing sender blacklist: pattern='^spam@malicious\\.com$', sender='spam@malicious.com', match=<re.Match object; span=(0, 18), match='spam@malicious.com'>
DEBUG: Testing sender blacklist: pattern='^spam@malicious\\.com$', sender='test123@example.org', match=None
DEBUG: Testing sender blacklist: pattern='^test.*@example\\.org$', sender='test123@example.org', match=<re.Match object; span=(0, 19), match='test123@example.org'>
DEBUG: Testing sender blacklist: pattern='^spam@malicious\\.com$', sender='good@example.com', match=None
DEBUG: Testing sender blacklist: pattern='^test.*@example\\.org$', sender='good@example.com', match=None
DEBUG: Testing sender blacklist: pattern='^user@example\\.com$', sender='user@example.com', match=<re.Match object; span=(0, 16), match='user@example.com'>
DEBUG: Testing sender blacklist: pattern='^user@example\\.com$', sender='user@example.com', match=<re.Match object; span=(0, 16), match='user@example.com'>
DEBUG: Testing sender blacklist: pattern='^user@example\\.com$', sender='user@example.com', match=<re.Match object; span=(0, 16), match='user@example.com'>
DEBUG: Testing sender blacklist: pattern='^spam@malicious\\.com$', sender='spam@malicious.com', match=<re.Match object; span=(0, 18), match='spam@malicious.com'>
DEBUG: Testing sender blacklist: pattern='^spam@malicious\\.com$', sender='test123@example.org', match=None
DEBUG: Testing sender blacklist: pattern='^test.*@example\\.org$', sender='test123@example.org', match=<re.Match object; span=(0, 19), match='test123@example.org'>
DEBUG: Testing sender blacklist: pattern='^spam@malicious\\.com$', sender='good@example.com', match=None
DEBUG: Testing sender blacklist: pattern='^test.*@example\\.org$', sender='good@example.com', match=None
DEBUG: Testing sender blacklist: pattern='^spam@malicious\\.com$', sender='spam@malicious.com', match=<re.Match object; span=(0, 18), match='spam@malicious.com'>
DEBUG: Testing sender blacklist: pattern='^spam@malicious\\.com$', sender='test123@example.org', match=None
DEBUG: Testing sender blacklist: pattern='^test.*@example\\.org$', sender='test123@example.org', match=<re.Match object; span=(0, 19), match='test123@example.org'>
DEBUG: Testing sender blacklist: pattern='^spam@malicious\\.com$', sender='good@example.com', match=None
DEBUG: Testing sender blacklist: pattern='^test.*@example\\.org$', sender='good@example.com', match=None
DEBUG: Testing sender blacklist: pattern='^user@example\\.com$', sender='user@example.com', match=<re.Match object; span=(0, 16), match='user@example.com'>
DEBUG: Testing sender blacklist: pattern='^user@example\\.com$', sender='user@example.com', match=<re.Match object; span=(0, 16), match='user@example.com'>
DEBUG: Testing sender blacklist: pattern='^user@example\\.com$', sender='user@example.com', match=<re.Match object; span=(0, 16), match='user@example.com'>
DEBUG: Testing sender blacklist: pattern='^spam@malicious\\.com$', sender='spam@malicious.com', match=<re.Match object; span=(0, 18), match='spam@malicious.com'>
DEBUG: Testing sender blacklist: pattern='^spam@malicious\\.com$', sender='test123@example.org', match=None
DEBUG: Testing sender blacklist: pattern='^test.*@example\\.org$', sender='test123@example.org', match=<re.Match object; span=(0, 19), match='test123@example.org'>
DEBUG: Testing sender blacklist: pattern='^spam@malicious\\.com$', sender='good@example.com', match=None
DEBUG: Testing sender blacklist: pattern='^test.*@example\\.org$', sender='good@example.com', match=None
DEBUG: Testing sender blacklist: pattern='^spam@malicious\\.com$', sender='spam@malicious.com', match=<re.Match object; span=(0, 18), match='spam@malicious.com'>
DEBUG: Testing sender blacklist: pattern='^spam@malicious\\.com$', sender='test123@example.org', match=None
DEBUG: Testing sender blacklist: pattern='^test.*@example\\.org$', sender='test123@example.org', match=<re.Match object; span=(0, 19), match='test123@example.org'>
DEBUG: Testing sender blacklist: pattern='^spam@malicious\\.com$', sender='good@example.com', match=None
DEBUG: Testing sender blacklist: pattern='^test.*@example\\.org$', sender='good@example.com', match=None
DEBUG: Testing sender blacklist: pattern='^user@example\\.com$', sender='user@example.com', match=<re.Match object; span=(0, 16), match='user@example.com'>
DEBUG: Testing sender blacklist: pattern='^user@example\\.com$', sender='user@example.com', match=<re.Match object; span=(0, 16), match='user@example.com'>
DEBUG: Testing sender blacklist: pattern='^user@example\\.com$', sender='user@example.com', match=<re.Match object; span=(0, 16), match='user@example.com'>
